// Jest Snapshot v1, https://goo.gl/fbAQLP

exports[`<DrawerMenu /> renders correctly 1`] = `
<div
  className="DrawerMenu"
>
  <ComposeEmailButton
    content="New Email"
    onClick={[Function]}
    title=""
  />
  <ul>
    <li>
      Menu Item 1
    </li>
    <li>
      Menu Item 2
    </li>
    <li>
      Menu Item 3
    </li>
  </ul>
</div>
`;
