// Jest Snapshot v1, https://goo.gl/fbAQLP

exports[`<LoadingSpinner /> renders correctly 1`] = `
<div
  className="LoadingSpinner"
>
  <div
    className="LoadingSpinner__loader"
  >
    <svg
      className="LoadingSpinner__circular"
      viewBox="25 25 50 50"
    >
      <circle
        className="LoadingSpinner__path"
        cx="50"
        cy="50"
        fill="none"
        r="20"
        strokeMiterlimit="10"
        strokeWidth="4"
      />
    </svg>
  </div>
</div>
`;
